{
    "Should create stub files": {
        "content": [
            {
                "0": [
                    [
                        {
                            "id": "test_stub",
                            "single_end": false
                        },
                        "test_stub.starfusion.fusion_predictions.tsv:md5,d41d8cd98f00b204e9800998ecf8427e"
                    ]
                ],
                "1": [
                    [
                        {
                            "id": "test_stub",
                            "single_end": false
                        },
                        "test_stub.starfusion.abridged.tsv:md5,d41d8cd98f00b204e9800998ecf8427e"
                    ]
                ],
                "2": [
                    [
                        {
                            "id": "test_stub",
                            "single_end": false
                        },
                        "test_stub.starfusion.abridged.coding_effect.tsv:md5,d41d8cd98f00b204e9800998ecf8427e"
                    ]
                ],
                "3": [
                    "versions.yml:md5,4131f39f483637d95446231588add8f1"
                ],
                "abridged": [
                    [
                        {
                            "id": "test_stub",
                            "single_end": false
                        },
                        "test_stub.starfusion.abridged.tsv:md5,d41d8cd98f00b204e9800998ecf8427e"
                    ]
                ],
                "coding_effect": [
                    [
                        {
                            "id": "test_stub",
                            "single_end": false
                        },
                        "test_stub.starfusion.abridged.coding_effect.tsv:md5,d41d8cd98f00b204e9800998ecf8427e"
                    ]
                ],
                "fusions": [
                    [
                        {
                            "id": "test_stub",
                            "single_end": false
                        },
                        "test_stub.starfusion.fusion_predictions.tsv:md5,d41d8cd98f00b204e9800998ecf8427e"
                    ]
                ],
                "versions": [
                    "versions.yml:md5,4131f39f483637d95446231588add8f1"
                ]
            }
        ],
        "meta": {
            "nf-test": "0.9.2",
            "nextflow": "24.10.2"
        },
        "timestamp": "2024-12-16T14:47:21.862981618"
    },
    "Should run without failures": {
        "content": [
            [
                [
                    {
                        "id": "test",
                        "single_end": false
                    },
                    "test.starfusion.fusion_predictions.tsv:md5,2adb2aeb44ea98736fb7572e7b5de5c6"
                ]
            ],
            [
                [
                    {
                        "id": "test",
                        "single_end": false
                    },
                    "test.starfusion.abridged.tsv:md5,f37f1cd07a3a6ff41e131dbe369bc093"
                ]
            ],
            [
                [
                    {
                        "id": "test",
                        "single_end": false
                    },
                    "test.starfusion.abridged.coding_effect.tsv:md5,8f5739b0351a725ee96cdf52860d680e"
                ]
            ],
            [
                "versions.yml:md5,4131f39f483637d95446231588add8f1"
            ]
        ],
        "meta": {
            "nf-test": "0.9.2",
            "nextflow": "24.10.2"
        },
        "timestamp": "2024-12-16T14:47:06.459753683"
    }
}