{
    "Should create stub files": {
        "content": [
            "hgnc_complete_set.txt",
            "HGNC-DB-timestamp.txt",
            [
                "versions.yml:md5,a7b7ccbd9eda8036baf548cdf1cb6867"
            ]
        ],
        "meta": {
            "nf-test": "0.9.0",
            "nextflow": "24.10.1"
        },
        "timestamp": "2024-11-26T16:07:51.375544204"
    }
}